// Jest Snapshot v1, https://goo.gl/fbAQLP

exports[`test snapshot should render <NotMatch /> correctly 1`] = `
Object {
  "asFragment": [Function],
  "baseElement": <body>
    <div>
      <div
        class="md:w-2/4 lg:w-2/6 h-full w-full border"
      >
        <div
          class="bg-[#858793] py-5 px-2 border border-white"
        >
          <p
            class="flex justify-end text-white"
          >
            0
          </p>
        </div>
        <div
          class="grid overflow-hidden grid-cols-8 grid-rows-8 gap-0.5"
        >
          <button
            class="bg-[#E0E0E0] col-span-2 min-w-full h-[70px]"
            type="button"
            value="AC"
          >
            AC
          </button>
          <button
            class="bg-[#E0E0E0] col-span-2 min-w-full h-[70px]"
            type="button"
            value="+/-"
          >
            +/-
          </button>
          <button
            class="bg-[#E0E0E0] col-span-2 min-w-full h-[70px]"
            type="button"
            value="%"
          >
            %
          </button>
          <button
            class="bg-[#F5913E] col-span-2 min-w-full h-[70px]"
            type="button"
            value="/"
          >
            /
          </button>
          <button
            class="bg-[#E0E0E0] col-span-2 min-w-full h-[70px]"
            type="button"
            value="7"
          >
            7
          </button>
          <button
            class="bg-[#E0E0E0] col-span-2 min-w-full h-[70px]"
            type="button"
            value="8"
          >
            8
          </button>
          <button
            class="bg-[#E0E0E0] col-span-2 min-w-full h-[70px]"
            type="button"
            value="9"
          >
            9
          </button>
          <button
            class="bg-[#F5913E] col-span-2 min-w-full h-[70px]"
            type="button"
            value="x"
          >
            x
          </button>
          <button
            class="bg-[#E0E0E0] col-span-2 min-w-full h-[70px]"
            type="button"
            value="4"
          >
            4
          </button>
          <button
            class="bg-[#E0E0E0] col-span-2 min-w-full h-[70px]"
            type="button"
            value="5"
          >
            5
          </button>
          <button
            class="bg-[#E0E0E0] col-span-2 min-w-full h-[70px]"
            type="button"
            value="6"
          >
            6
          </button>
          <button
            class="bg-[#F5913E] col-span-2 min-w-full h-[70px]"
            type="button"
            value="-"
          >
            -
          </button>
          <button
            class="bg-[#E0E0E0] col-span-2 min-w-full h-[70px]"
            type="button"
            value="1"
          >
            1
          </button>
          <button
            class="bg-[#E0E0E0] col-span-2 min-w-full h-[70px]"
            type="button"
            value="2"
          >
            2
          </button>
          <button
            class="bg-[#E0E0E0] col-span-2 min-w-full h-[70px]"
            type="button"
            value="3"
          >
            3
          </button>
          <button
            class="bg-[#F5913E] col-span-2 min-w-full h-[70px]"
            type="button"
            value="+"
          >
            +
          </button>
          <button
            class="bg-[#E0E0E0] col-span-4 min-w-full h-[70px]"
            type="button"
            value="0"
          >
            0
          </button>
          <button
            class="bg-[#E0E0E0] col-span-2 min-w-full h-[70px]"
            type="button"
            value="."
          >
            .
          </button>
          <button
            class="bg-[#F5913E] col-span-2 min-w-full h-[70px]"
            type="button"
            value="="
          >
            =
          </button>
        </div>
      </div>
    </div>
  </body>,
  "container": <div>
    <div
      class="md:w-2/4 lg:w-2/6 h-full w-full border"
    >
      <div
        class="bg-[#858793] py-5 px-2 border border-white"
      >
        <p
          class="flex justify-end text-white"
        >
          0
        </p>
      </div>
      <div
        class="grid overflow-hidden grid-cols-8 grid-rows-8 gap-0.5"
      >
        <button
          class="bg-[#E0E0E0] col-span-2 min-w-full h-[70px]"
          type="button"
          value="AC"
        >
          AC
        </button>
        <button
          class="bg-[#E0E0E0] col-span-2 min-w-full h-[70px]"
          type="button"
          value="+/-"
        >
          +/-
        </button>
        <button
          class="bg-[#E0E0E0] col-span-2 min-w-full h-[70px]"
          type="button"
          value="%"
        >
          %
        </button>
        <button
          class="bg-[#F5913E] col-span-2 min-w-full h-[70px]"
          type="button"
          value="/"
        >
          /
        </button>
        <button
          class="bg-[#E0E0E0] col-span-2 min-w-full h-[70px]"
          type="button"
          value="7"
        >
          7
        </button>
        <button
          class="bg-[#E0E0E0] col-span-2 min-w-full h-[70px]"
          type="button"
          value="8"
        >
          8
        </button>
        <button
          class="bg-[#E0E0E0] col-span-2 min-w-full h-[70px]"
          type="button"
          value="9"
        >
          9
        </button>
        <button
          class="bg-[#F5913E] col-span-2 min-w-full h-[70px]"
          type="button"
          value="x"
        >
          x
        </button>
        <button
          class="bg-[#E0E0E0] col-span-2 min-w-full h-[70px]"
          type="button"
          value="4"
        >
          4
        </button>
        <button
          class="bg-[#E0E0E0] col-span-2 min-w-full h-[70px]"
          type="button"
          value="5"
        >
          5
        </button>
        <button
          class="bg-[#E0E0E0] col-span-2 min-w-full h-[70px]"
          type="button"
          value="6"
        >
          6
        </button>
        <button
          class="bg-[#F5913E] col-span-2 min-w-full h-[70px]"
          type="button"
          value="-"
        >
          -
        </button>
        <button
          class="bg-[#E0E0E0] col-span-2 min-w-full h-[70px]"
          type="button"
          value="1"
        >
          1
        </button>
        <button
          class="bg-[#E0E0E0] col-span-2 min-w-full h-[70px]"
          type="button"
          value="2"
        >
          2
        </button>
        <button
          class="bg-[#E0E0E0] col-span-2 min-w-full h-[70px]"
          type="button"
          value="3"
        >
          3
        </button>
        <button
          class="bg-[#F5913E] col-span-2 min-w-full h-[70px]"
          type="button"
          value="+"
        >
          +
        </button>
        <button
          class="bg-[#E0E0E0] col-span-4 min-w-full h-[70px]"
          type="button"
          value="0"
        >
          0
        </button>
        <button
          class="bg-[#E0E0E0] col-span-2 min-w-full h-[70px]"
          type="button"
          value="."
        >
          .
        </button>
        <button
          class="bg-[#F5913E] col-span-2 min-w-full h-[70px]"
          type="button"
          value="="
        >
          =
        </button>
      </div>
    </div>
  </div>,
  "debug": [Function],
  "findAllByAltText": [Function],
  "findAllByDisplayValue": [Function],
  "findAllByLabelText": [Function],
  "findAllByPlaceholderText": [Function],
  "findAllByRole": [Function],
  "findAllByTestId": [Function],
  "findAllByText": [Function],
  "findAllByTitle": [Function],
  "findByAltText": [Function],
  "findByDisplayValue": [Function],
  "findByLabelText": [Function],
  "findByPlaceholderText": [Function],
  "findByRole": [Function],
  "findByTestId": [Function],
  "findByText": [Function],
  "findByTitle": [Function],
  "getAllByAltText": [Function],
  "getAllByDisplayValue": [Function],
  "getAllByLabelText": [Function],
  "getAllByPlaceholderText": [Function],
  "getAllByRole": [Function],
  "getAllByTestId": [Function],
  "getAllByText": [Function],
  "getAllByTitle": [Function],
  "getByAltText": [Function],
  "getByDisplayValue": [Function],
  "getByLabelText": [Function],
  "getByPlaceholderText": [Function],
  "getByRole": [Function],
  "getByTestId": [Function],
  "getByText": [Function],
  "getByTitle": [Function],
  "queryAllByAltText": [Function],
  "queryAllByDisplayValue": [Function],
  "queryAllByLabelText": [Function],
  "queryAllByPlaceholderText": [Function],
  "queryAllByRole": [Function],
  "queryAllByTestId": [Function],
  "queryAllByText": [Function],
  "queryAllByTitle": [Function],
  "queryByAltText": [Function],
  "queryByDisplayValue": [Function],
  "queryByLabelText": [Function],
  "queryByPlaceholderText": [Function],
  "queryByRole": [Function],
  "queryByTestId": [Function],
  "queryByText": [Function],
  "queryByTitle": [Function],
  "rerender": [Function],
  "unmount": [Function],
}
`;
